          <idle>-0     [002] d.h2 23853.043975: period_timer_callback_slave: cinfo->limit==1818,cinfo->budget==1818          <idle>-0     [003] d.h2 23853.043976: period_timer_callback_slave: cinfo->limit==4931,cinfo->budget==4931           <...>-1533  [006] d.h1 23853.043976: period_timer_callback_slave: cinfo->limit==2539,cinfo->budget==2539          <idle>-0     [007] d.h2 23853.043977: period_timer_callback_slave: cinfo->limit==2129,cinfo->budget==2129          <idle>-0     [005] d.h2 23853.043977: period_timer_callback_slave: cinfo->limit==3276,cinfo->budget==3276         memtest-19516 [000] d.h. 23853.044971: period_timer_callback_slave: slave at 0
         memtest-19516 [000] d.h. 23853.044972: update_statistics: count==0,old_val==0,used==0
         memtest-19516 [000] d.h1 23853.044974: period_timer_callback_slave: cinfo->limit==5455,cinfo->budget==5455          <idle>-0     [003] d.h1 23853.044975: update_statistics: count==0,old_val==0,used==0
         memtest-19516 [007] d.h. 23853.058970: period_timer_callback_slave: slave at 7
         memtest-19516 [007] d.h. 23853.058974: update_statistics: count==94,old_val==0,used==94
          <idle>-0     [003] d.h2 23853.058974: period_timer_callback_slave: cinfo->limit==4931,cinfo->budget==4931          <idle>-0     [005] d.h2 23853.058975: period_timer_callback_slave: cinfo->limit==3276,cinfo->budget==3276          <idle>-0     [006] d.h2 23853.058976: period_timer_callback_slave: cinfo->limit==2539,cinfo->budget==2539         memtest-19516 [007] d.h1 23853.058976: period_timer_callback_slave: cinfo->limit==2129,cinfo->budget==2129          <idle>-0     [002] d.h2 23853.058977: period_timer_callback_slave: cinfo->limit==1818,cinfo->budget==1818          <idle>-0     [000] d.h1 23853.059969: period_timer_callback_slave: slave at 0
         memtest-19516 [007] d.h. 23853.059970: period_timer_callback_slave: slave at 7
          <idle>-0     [002] d.h2 23853.059974: period_timer_callback_slave: cinfo->limit==1818,cinfo->budget==1818         memtest-19516 [007] d.h. 23853.059975: update_statistics: count==98,old_val==94,used==4
          <idle>-0     [003] d.h2 23853.059975: period_timer_callback_slave: cinfo->limit==4931,cinfo->budget==4931          <idle>-0     [001] d.h2 23853.059975: period_timer_callback_slave: cinfo->limit==3637,cinfo->budget==3637          <idle>-0     [006] d.h2 23853.059976: period_timer_callback_slave: cinfo->limit==2539,cinfo->budget==2539          <idle>-0     [005] d.h2 23853.059976: period_timer_callback_slave: cinfo->limit==3276,cinfo->budget==3276         memtest-19516 [007] d.h1 23853.059977: period_timer_callback_slave: cinfo->limit==2129,cinfo->budget==2129          <idle>-0     [000] d.h1 23853.060970: period_timer_callback_slave: slave at 0
         memtest-19516 [007] d.h. 23853.060971: period_timer_callback_slave: slave at 7
          <idle>-0     [002] d.h2 23853.060974: period_timer_callback_slave: cinfo->limit==1818,cinfo->budget==1818         memtest-19516 [007] d.h. 23853.060975: update_statistics: count==99,old_val==98,used==1
          <idle>-0     [000] d.h2 23853.060976: period_timer_callback_slave: cinfo->limit==5455,cinfo->budget==5455          <idle>-0     [005] d.h2 23853.060976: period_timer_callback_slave: cinfo->limit==3276,cinfo->budget==3276          <idle>-0     [006] d.h2 23853.060977: period_timer_callback_slave: cinfo->limit==2539,cinfo->budget==2539          <idle>-0     [001] d.h2 23853.060977: period_timer_callback_slave: cinfo->limit==3637,cinfo->budget==3637         memtest-19516 [007] d.h1 23853.060978: period_timer_callback_slave: cinfo->limit==2129,cinfo->budget==2129          <idle>-0     [003] d.h2 23853.060978: period_timer_callback_slave: cinfo->limit==4931,cinfo->budget==4931          <idle>-0     [000] d.h1 23853.061969: period_timer_callback_slave: slave at 0
         memtest-19516 [007] d.h. 23853.061970: period_timer_callback_slave: slave at 7
         memtest-19516 [007] d.h. 23853.061974: update_statistics: count==99,old_val==99,used==0
          <idle>-0     [001] d.h2 23853.061975: period_timer_callback_slave: cinfo->limit==3637,cinfo->budget==3637          <idle>-0     [002] d.h2 23853.061975: period_timer_callback_slave: cinfo->limit==1818,cinfo->budget==1818          <idle>-0     [003] d.h2 23853.061976: period_timer_callback_slave: cinfo->limit==4931,cinfo->budget==4931          <idle>-0     [005] d.h2 23853.061976: period_timer_callback_slave: cinfo->limit==3276,cinfo->budget==3276         memtest-19516 [007] d.h1 23853.061977: period_timer_callback_slave: cinfo->limit==2129,cinfo->budget==2129          <idle>-0     [006] d.h2 23853.061978: period_timer_callback_slave: cinfo->limit==2539,cinfo->budget==2539          <idle>-0     [000] d.h1 23853.062969: period_timer_callback_slave: slave at 0
         memtest-19516 [007] d.h. 23853.062970: period_timer_callback_slave: slave at 7
         memtest-19516 [007] d.h. 23853.062973: update_statistics: count==101,old_val==99,used==2
          <idle>-0     [001] d.h2 23853.062974: period_timer_callback_slave: cinfo->limit==3637,cinfo->budget==3637          <idle>-0     [003] d.h2 23853.062975: period_timer_callback_slave: cinfo->limit==4931,cinfo->budget==4931          <idle>-0     [005] d.h2 23853.062975: period_timer_callback_slave: cinfo->limit==3276,cinfo->budget==3276          <idle>-0     [006] d.h2 23853.062976: period_timer_callback_slave: cinfo->limit==2539,cinfo->budget==2539         memtest-19516 [007] d.h1 23853.062976: period_timer_callback_slave: cinfo->limit==2129,cinfo->budget==2129          <idle>-0     [000] d.h1 23853.063969: period_timer_callback_slave: slave at 0
         memtest-19516 [007] d.h. 23853.063970: period_timer_callback_slave: slave at 7
          <idle>-0     [000] d.h2 23853.063972: period_timer_callback_slave: cinfo->limit==5455,cinfo->budget==5455         memtest-19516 [007] d.h. 23853.063973: update_statistics: count==101,old_val==101,used==0
          <idle>-0     [003] d.h2 23853.063975: period_timer_callback_slave: cinfo->limit==4931,cinfo->budget==4931          <idle>-0     [001] d.h2 23853.063975: period_timer_callback_slave: cinfo->limit==3637,cinfo->budget==3637          <idle>-0     [005] d.h2 23853.063976: period_timer_callback_slave: cinfo->limit==3276,cinfo->budget==3276         memtest-19516 [007] d.h1 23853.063976: period_timer_callback_slave: cinfo->limit==2129,cinfo->budget==2129          <idle>-0     [006] d.h2 23853.063977: period_timer_callback_slave: cinfo->limit==2539,cinfo->budget==2539          <idle>-0     [000] d.h1 23853.064969: period_timer_callback_slave: slave at 0
         memtest-19516 [007] d.h. 23853.064970: period_timer_callback_slave: slave at 7
          <idle>-0     [001] d.h2 23853.064973: period_timer_callback_slave: cinfo->limit==3637,cinfo->budget==3637         memtest-19516 [007] d.h. 23853.064974: update_statistics: count==101,old_val==101,used==0
          <idle>-0     [002] d.h2 23853.064974: period_timer_callback_slave: cinfo->limit==1818,cinfo->budget==1818          <idle>-0     [003] d.h2 23853.064975: period_timer_callback_slave: cinfo->limit==4931,cinfo->budget==4931          <idle>-0     [005] d.h2 23853.064975: period_timer_callback_slave: cinfo->limit==3276,cinfo->budget==3276          <idle>-0     [006] d.h2 23853.064976: period_timer_callback_slave: cinfo->limit==2539,cinfo->budget==2539         memtest-19516 [007] d.h1 23853.064977: period_timer_callback_slave: cinfo->limit==2129,cinfo->budget==2129          <idle>-0     [000] d.h1 23853.065969: period_timer_callback_slave: slave at 0
         memtest-19516 [007] d.h. 23853.065970: period_timer_callback_slave: slave at 7
          <idle>-0     [000] d.h2 23853.065973: period_timer_callback_slave: cinfo->limit==5455,cinfo->budget==5455         memtest-19516 [007] d.h. 23853.065974: update_statistics: count==103,old_val==101,used==2
          <idle>-0     [001] d.h2 23853.065974: period_timer_callback_slave: cinfo->limit==3637,cinfo->budget==3637          <idle>-0     [003] d.h2 23853.065974: period_timer_callback_slave: cinfo->limit==4931,cinfo->budget==4931          <idle>-0     [005] d.h2 23853.065975: period_timer_callback_slave: cinfo->limit==3276,cinfo->budget==3276     gnome-shell-1641  [002] d.h1 23853.065975: period_timer_callback_slave: cinfo->limit==1818,cinfo->budget==1818          <idle>-0     [006] d.h2 23853.065976: period_timer_callback_slave: cinfo->limit==2539,cinfo->budget==2539         memtest-19516 [007] d.h1 23853.065976: period_timer_callback_slave: cinfo->limit==2129,cinfo->budget==2129          <idle>-0     [000] d.h1 23853.066968: period_timer_callback_slave: slave at 0
         memtest-19516 [007] d.h. 23853.066970: period_timer_callback_slave: slave at 7
         memtest-19516 [007] d.h. 23853.066973: update_statistics: count==106,old_val==103,used==3
          <idle>-0     [000] d.h2 23853.066974: period_timer_callback_slave: cinfo->limit==5455,cinfo->budget==5455          <idle>-0     [005] d.h2 23853.066974: period_timer_callback_slave: cinfo->limit==3276,cinfo->budget==3276          <idle>-0     [006] d.h2 23853.066975: period_timer_callback_slave: cinfo->limit==2539,cinfo->budget==2539          <idle>-0     [001] d.h2 23853.066975: period_timer_callback_slave: cinfo->limit==3637,cinfo->budget==3637     gnome-shell-1954  [003] d.h1 23853.066976: period_timer_callback_slave: cinfo->limit==4931,cinfo->budget==4931         memtest-19516 [007] d.h1 23853.066976: period_timer_callback_slave: cinfo->limit==2129,cinfo->budget==2129     gnome-shell-1641  [002] d.h2 23853.066977: period_timer_callback_slave: cinfo->limit==1818,cinfo->budget==1818          <idle>-0     [000] d.h1 23853.067969: period_timer_callback_slave: slave at 0
         memtest-19516 [007] d.h1 23853.067970: period_timer_callback_slave: slave at 7
          <idle>-0     [001] d.h2 23853.067973: period_timer_callback_slave: cinfo->limit==3637,cinfo->budget==3637         memtest-19516 [007] d.h1 23853.067974: update_statistics: count==107,old_val==106,used==1
          <idle>-0     [003] d.h2 23853.067975: period_timer_callback_slave: cinfo->limit==4931,cinfo->budget==4931          <idle>-0     [005] d.h2 23853.067976: period_timer_callback_slave: cinfo->limit==3276,cinfo->budget==3276          <idle>-0     [006] d.h2 23853.067976: period_timer_callback_slave: cinfo->limit==2539,cinfo->budget==2539         memtest-19516 [007] d.h2 23853.067977: period_timer_callback_slave: cinfo->limit==2129,cinfo->budget==2129          <idle>-0     [002] d.h2 23853.067977: period_timer_callback_slave: cinfo->limit==1818,cinfo->budget==1818          <idle>-0     [000] d.h1 23853.068968: period_timer_callback_slave: slave at 0
         memtest-19516 [007] d.h. 23853.068969: period_timer_callback_slave: slave at 7
         memtest-19516 [007] d.h. 23853.068973: update_statistics: count==107,old_val==107,used==0
          <idle>-0     [002] d.h2 23853.068974: period_timer_callback_slave: cinfo->limit==1818,cinfo->budget==1818          <idle>-0     [003] d.h2 23853.068974: period_timer_callback_slave: cinfo->limit==4931,cinfo->budget==4931          <idle>-0     [001] d.h2 23853.068975: period_timer_callback_slave: cinfo->limit==3637,cinfo->budget==3637          <idle>-0     [005] d.h2 23853.068975: period_timer_callback_slave: cinfo->limit==3276,cinfo->budget==3276          <idle>-0     [006] d.h2 23853.068976: period_timer_callback_slave: cinfo->limit==2539,cinfo->budget==2539         memtest-19516 [007] d.h1 23853.068976: period_timer_callback_slave: cinfo->limit==2129,cinfo->budget==2129          <idle>-0     [000] d.h1 23853.069968: period_timer_callback_slave: slave at 0
         memtest-19516 [007] d.h1 23853.069970: period_timer_callback_slave: slave at 7
         memtest-19516 [007] d.h1 23853.069973: update_statistics: count==108,old_val==107,used==1
          <idle>-0     [000] d.h2 23853.069973: period_timer_callback_slave: cinfo->limit==5455,cinfo->budget==5455          <idle>-0     [002] d.h2 23853.069974: period_timer_callback_slave: cinfo->limit==1818,cinfo->budget==1818          <idle>-0     [001] d.h2 23853.069975: period_timer_callback_slave: cinfo->limit==3637,cinfo->budget==3637          <idle>-0     [003] d.h2 23853.069976: period_timer_callback_slave: cinfo->limit==4931,cinfo->budget==4931          <idle>-0     [006] d.h2 23853.069976: period_timer_callback_slave: cinfo->limit==2539,cinfo->budget==2539          <idle>-0     [005] d.h2 23853.069977: period_timer_callback_slave: cinfo->limit==3276,cinfo->budget==3276         memtest-19516 [007] d.h2 23853.069977: period_timer_callback_slave: cinfo->limit==2129,cinfo->budget==2129          <idle>-0     [000] d.h1 23853.070968: period_timer_callback_slave: slave at 0
         memtest-19516 [007] d.h. 23853.070969: period_timer_callback_slave: slave at 7
         memtest-19516 [007] d.h. 23853.070971: update_statistics: count==108,old_val==108,used==0
          <idle>-0     [002] d.h2 23853.070973: period_timer_callback_slave: cinfo->limit==1818,cinfo->budget==1818          <idle>-0     [003] d.h2 23853.070973: period_timer_callback_slave: cinfo->limit==4931,cinfo->budget==4931          <idle>-0     [000] d.h2 23853.070974: period_timer_callback_slave: cinfo->limit==5455,cinfo->budget==5455         memtest-19516 [007] d.h1 23853.070975: period_timer_callback_slave: cinfo->limit==2129,cinfo->budget==2129          <idle>-0     [001] d.h2 23853.070975: period_timer_callback_slave: cinfo->limit==3637,cinfo->budget==3637          <idle>-0     [006] d.h2 23853.070976: period_timer_callback_slave: cinfo->limit==2539,cinfo->budget==2539          <idle>-0     [005] d.h2 23853.070976: period_timer_callback_slave: cinfo->limit==3276,cinfo->budget==3276          <idle>-0     [000] d.h1 23853.071969: period_timer_callback_slave: slave at 0
         memtest-19516 [007] d.h. 23853.071971: period_timer_callback_slave: slave at 7
          <idle>-0     [000] d.h2 23853.071973: period_timer_callback_slave: cinfo->limit==5455,cinfo->budget==5455         memtest-19516 [007] d.h. 23853.071974: update_statistics: count==108,old_val==108,used==0
          <idle>-0     [003] d.h2 23853.071975: period_timer_callback_slave: cinfo->limit==4931,cinfo->budget==4931          <idle>-0     [002] d.h2 23853.071975: period_timer_callback_slave: cinfo->limit==1818,cinfo->budget==1818          <idle>-0     [005] d.h2 23853.071976: period_timer_callback_slave: cinfo->limit==3276,cinfo->budget==3276         memtest-19516 [007] d.h1 23853.071976: period_timer_callback_slave: cinfo->limit==2129,cinfo->budget==2129          <idle>-0     [006] d.h2 23853.071977: period_timer_callback_slave: cinfo->limit==2539,cinfo->budget==2539          <idle>-0     [000] d.h1 23853.072969: period_timer_callback_slave: slave at 0
         memtest-19516 [007] d.h. 23853.072970: period_timer_callback_slave: slave at 7
         memtest-19516 [007] d.h. 23853.072974: update_statistics: count==110,old_val==108,used==2
          <idle>-0     [001] d.h2 23853.072974: period_timer_callback_slave: cinfo->limit==3637,cinfo->budget==3637          <idle>-0     [003] d.h2 23853.072975: period_timer_callback_slave: cinfo->limit==4931,cinfo->budget==4931          <idle>-0     [002] d.h2 23853.072975: period_timer_callback_slave: cinfo->limit==1818,cinfo->budget==1818          <idle>-0     [005] d.h2 23853.072976: period_timer_callback_slave: cinfo->limit==3276,cinfo->budget==3276          <idle>-0     [006] d.h2 23853.072976: period_timer_callback_slave: cinfo->limit==2539,cinfo->budget==2539         memtest-19516 [007] d.h1 23853.072977: period_timer_callback_slave: cinfo->limit==2129,cinfo->budget==2129          <idle>-0     [000] d.h1 23853.073968: period_timer_callback_slave: slave at 0
         memtest-19516 [007] d.h. 23853.073969: period_timer_callback_slave: slave at 7
         memtest-19516 [007] d.h. 23853.073973: update_statistics: count==113,old_val==110,used==3
          <idle>-0     [002] d.h2 23853.073974: period_timer_callback_slave: cinfo->limit==1818,cinfo->budget==1818          <idle>-0     [005] d.h2 23853.073974: period_timer_callback_slave: cinfo->limit==3276,cinfo->budget==3276          <idle>-0     [003] d.h2 23853.073975: period_timer_callback_slave: cinfo->limit==4931,cinfo->budget==4931          <idle>-0     [006] d.h2 23853.073975: period_timer_callback_slave: cinfo->limit==2539,cinfo->budget==2539         memtest-19516 [007] d.h1 23853.073976: period_timer_callback_slave: cinfo->limit==2129,cinfo->budget==2129          <idle>-0     [000] d.h1 23853.074968: period_timer_callback_slave: slave at 0
         memtest-19516 [007] d.h. 23853.074969: period_timer_callback_slave: slave at 7
         memtest-19516 [007] d.h. 23853.074973: update_statistics: count==113,old_val==113,used==0
          <idle>-0     [001] d.h2 23853.074974: period_timer_callback_slave: cinfo->limit==3637,cinfo->budget==3637          <idle>-0     [003] d.h2 23853.074974: period_timer_callback_slave: cinfo->limit==4931,cinfo->budget==4931          <idle>-0     [002] d.h2 23853.074975: period_timer_callback_slave: cinfo->limit==1818,cinfo->budget==1818          <idle>-0     [005] d.h2 23853.074975: period_timer_callback_slave: cinfo->limit==3276,cinfo->budget==3276          <idle>-0     [006] d.h2 23853.074976: period_timer_callback_slave: cinfo->limit==2539,cinfo->budget==2539         memtest-19516 [007] d.h1 23853.074976: period_timer_callback_slave: cinfo->limit==2129,cinfo->budget==2129          <idle>-0     [000] d.h1 23853.075968: period_timer_callback_slave: slave at 0
         memtest-19516 [007] d.h. 23853.075969: period_timer_callback_slave: slave at 7
         memtest-19516 [007] d.h. 23853.075972: update_statistics: count==115,old_val==113,used==2
          <idle>-0     [002] d.h2 23853.075973: period_timer_callback_slave: cinfo->limit==1818,cinfo->budget==1818          <idle>-0     [005] d.h2 23853.075974: period_timer_callback_slave: cinfo->limit==3276,cinfo->budget==3276          <idle>-0     [003] d.h2 23853.075974: period_timer_callback_slave: cinfo->limit==4931,cinfo->budget==4931          <idle>-0     [006] d.h2 23853.075974: period_timer_callback_slave: cinfo->limit==2539,cinfo->budget==2539         memtest-19516 [007] d.h1 23853.075975: period_timer_callback_slave: cinfo->limit==2129,cinfo->budget==2129          <idle>-0     [000] d.h1 23853.076968: period_timer_callback_slave: slave at 0
         memtest-19516 [007] d.h. 23853.076969: period_timer_callback_slave: slave at 7
          <idle>-0     [000] d.h2 23853.076971: period_timer_callback_slave: cinfo->limit==5455,cinfo->budget==5455         memtest-19516 [007] d.h. 23853.076971: update_statistics: count==115,old_val==115,used==0
          <idle>-0     [001] d.h2 23853.076973: period_timer_callback_slave: cinfo->limit==3637,cinfo->budget==3637          <idle>-0     [002] d.h2 23853.076974: period_timer_callback_slave: cinfo->limit==1818,cinfo->budget==1818         memtest-19516 [007] d.h1 23853.076975: period_timer_callback_slave: cinfo->limit==2129,cinfo->budget==2129          <idle>-0     [006] d.h2 23853.076975: period_timer_callback_slave: cinfo->limit==2539,cinfo->budget==2539          <idle>-0     [003] d.h2 23853.076976: period_timer_callback_slave: cinfo->limit==4931,cinfo->budget==4931          <idle>-0     [005] d.h2 23853.076976: period_timer_callback_slave: cinfo->limit==3276,cinfo->budget==3276          <idle>-0     [000] d.h1 23853.077968: period_timer_callback_slave: slave at 0
         memtest-19516 [007] d.h. 23853.077969: period_timer_callback_slave: slave at 7
          <idle>-0     [001] d.h2 23853.077973: period_timer_callback_slave: cinfo->limit==3637,cinfo->budget==3637         memtest-19516 [007] d.h. 23853.077973: update_statistics: count==116,old_val==115,used==1
          <idle>-0     [002] d.h2 23853.077974: period_timer_callback_slave: cinfo->limit==1818,cinfo->budget==1818          <idle>-0     [003] d.h2 23853.077974: period_timer_callback_slave: cinfo->limit==4931,cinfo->budget==4931          <idle>-0     [005] d.h2 23853.077975: period_timer_callback_slave: cinfo->limit==3276,cinfo->budget==3276          <idle>-0     [006] d.h2 23853.077975: period_timer_callback_slave: cinfo->limit==2539,cinfo->budget==2539         memtest-19516 [007] d.h1 23853.077975: period_timer_callback_slave: cinfo->limit==2129,cinfo->budget==2129          <idle>-0     [000] d.h1 23853.078967: period_timer_callback_slave: slave at 0
         memtest-19516 [007] d.h1 23853.078968: period_timer_callback_slave: slave at 7
         memtest-19516 [007] d.h1 23853.078972: update_statistics: count==117,old_val==116,used==1
          <idle>-0     [002] d.h2 23853.078973: period_timer_callback_slave: cinfo->limit==1818,cinfo->budget==1818          <idle>-0     [003] d.h2 23853.078973: period_timer_callback_slave: cinfo->limit==4931,cinfo->budget==4931          <idle>-0     [005] d.h2 23853.078974: period_timer_callback_slave: cinfo->limit==3276,cinfo->budget==3276         memtest-19516 [007] d.h2 23853.078974: period_timer_callback_slave: cinfo->limit==2129,cinfo->budget==2129          <idle>-0     [006] d.h2 23853.078975: period_timer_callback_slave: cinfo->limit==2539,cinfo->budget==2539          <idle>-0     [000] d.h1 23853.079967: period_timer_callback_slave: slave at 0
         memtest-19516 [007] d.h. 23853.079969: period_timer_callback_slave: slave at 7
          <idle>-0     [000] d.h2 23853.079971: period_timer_callback_slave: cinfo->limit==5455,cinfo->budget==5455         memtest-19516 [007] d.h. 23853.079971: update_statistics: count==121,old_val==117,used==4
          <idle>-0     [001] d.h2 23853.079972: period_timer_callback_slave: cinfo->limit==3637,cinfo->budget==3637          <idle>-0     [002] d.h2 23853.079974: period_timer_callback_slave: cinfo->limit==1818,cinfo->budget==1818          <idle>-0     [005] d.h2 23853.079974: period_timer_callback_slave: cinfo->limit==3276,cinfo->budget==3276         memtest-19516 [007] d.h1 23853.079975: period_timer_callback_slave: cinfo->limit==2129,cinfo->budget==2129          <idle>-0     [006] d.h2 23853.079975: period_timer_callback_slave: cinfo->limit==2539,cinfo->budget==2539          <idle>-0     [003] d.h2 23853.079976: period_timer_callback_slave: cinfo->limit==4931,cinfo->budget==4931          <idle>-0     [000] d.h1 23853.080967: period_timer_callback_slave: slave at 0
         memtest-19516 [007] d.h. 23853.080968: period_timer_callback_slave: slave at 7
         memtest-19516 [007] d.h. 23853.080971: update_statistics: count==125,old_val==121,used==4
          <idle>-0     [001] d.h2 23853.080972: period_timer_callback_slave: cinfo->limit==3637,cinfo->budget==3637     gnome-shell-1641  [002] d.h1 23853.080973: period_timer_callback_slave: cinfo->limit==1818,cinfo->budget==1818          <idle>-0     [005] d.h2 23853.080973: period_timer_callback_slave: cinfo->limit==3276,cinfo->budget==3276          <idle>-0     [003] d.h2 23853.080974: period_timer_callback_slave: cinfo->limit==4931,cinfo->budget==4931         memtest-19516 [007] d.h1 23853.080974: period_timer_callback_slave: cinfo->limit==2129,cinfo->budget==2129          <idle>-0     [006] d.h2 23853.080975: period_timer_callback_slave: cinfo->limit==2539,cinfo->budget==2539          <idle>-0     [000] d.h1 23853.081967: period_timer_callback_slave: slave at 0
         memtest-19516 [007] d.h. 23853.081968: period_timer_callback_slave: slave at 7
         memtest-19516 [007] d.h. 23853.081972: update_statistics: count==286,old_val==125,used==161
          <idle>-0     [001] d.h2 23853.081972: period_timer_callback_slave: cinfo->limit==3637,cinfo->budget==3637          <idle>-0     [003] d.h2 23853.081973: period_timer_callback_slave: cinfo->limit==4931,cinfo->budget==4931   irq/71-nvidia-1303  [006] d.h1 23853.081973: period_timer_callback_slave: cinfo->limit==2539,cinfo->budget==2539          <idle>-0     [005] d.h2 23853.081974: period_timer_callback_slave: cinfo->limit==3276,cinfo->budget==3276          <idle>-0     [002] d.h2 23853.081974: period_timer_callback_slave: cinfo->limit==1818,cinfo->budget==1818         memtest-19516 [007] d.h1 23853.081975: period_timer_callback_slave: cinfo->limit==2129,cinfo->budget==2129          <idle>-0     [000] d.h1 23853.082967: period_timer_callback_slave: slave at 0
         memtest-19516 [007] d.h. 23853.082968: period_timer_callback_slave: slave at 7
          <idle>-0     [001] d.h2 23853.082970: period_timer_callback_slave: cinfo->limit==3637,cinfo->budget==3637         memtest-19516 [007] d.h. 23853.082971: update_statistics: count==288,old_val==286,used==2
          <idle>-0     [003] d.h2 23853.082972: period_timer_callback_slave: cinfo->limit==4931,cinfo->budget==4931          <idle>-0     [005] d.h2 23853.082973: period_timer_callback_slave: cinfo->limit==3276,cinfo->budget==3276         memtest-19516 [007] d.h1 23853.082973: period_timer_callback_slave: cinfo->limit==2129,cinfo->budget==2129          <idle>-0     [006] d.h2 23853.082974: period_timer_callback_slave: cinfo->limit==2539,cinfo->budget==2539     gnome-shell-1641  [002] d.h1 23853.082974: period_timer_callback_slave: cinfo->limit==1818,cinfo->budget==1818          <idle>-0     [000] d.h1 23853.083967: period_timer_callback_slave: slave at 0
         memtest-19516 [007] d.h. 23853.083968: period_timer_callback_slave: slave at 7
          <idle>-0     [000] d.h2 23853.083969: period_timer_callback_slave: cinfo->limit==5455,cinfo->budget==5455         memtest-19516 [007] d.h. 23853.083970: update_statistics: count==293,old_val==288,used==5
         memtest-19516 [007] d.h1 23853.083973: period_timer_callback_slave: cinfo->limit==2129,cinfo->budget==2129          <idle>-0     [003] d.h2 23853.083973: period_timer_callback_slave: cinfo->limit==4931,cinfo->budget==4931          <idle>-0     [006] d.h2 23853.083974: period_timer_callback_slave: cinfo->limit==2539,cinfo->budget==2539          <idle>-0     [005] d.h2 23853.083974: period_timer_callback_slave: cinfo->limit==3276,cinfo->budget==3276          <idle>-0     [002] d.h2 23853.083975: period_timer_callback_slave: cinfo->limit==1818,cinfo->budget==1818          <idle>-0     [000] d.h1 23853.084967: period_timer_callback_slave: slave at 0
         memtest-19516 [007] d.h. 23853.084968: period_timer_callback_slave: slave at 7
         memtest-19516 [007] d.h. 23853.084972: update_statistics: count==1407,old_val==293,used==1114
          <idle>-0     [003] d.h2 23853.084972: period_timer_callback_slave: cinfo->limit==4931,cinfo->budget==4931          <idle>-0     [005] d.h2 23853.084973: period_timer_callback_slave: cinfo->limit==3276,cinfo->budget==3276          <idle>-0     [006] d.h2 23853.084973: period_timer_callback_slave: cinfo->limit==2539,cinfo->budget==2539          <idle>-0     [001] d.h2 23853.084974: period_timer_callback_slave: cinfo->limit==3637,cinfo->budget==3637         memtest-19516 [007] d.h1 23853.084974: period_timer_callback_slave: cinfo->limit==2129,cinfo->budget==2129         memtest-19516 [007] d.Z. 23853.085146: event_overflow_callback: overflow callback
         memtest-19516 [007] d.h. 23853.085157: memguard_process_overflow: overflow at 7
         memtest-19516 [007] d.h. 23853.085158: memguard_process_overflow: perf_event_count(cinfo->event)=3537
         memtest-19516 [007] d.h1 23853.085159: __start_throttle: throttle at 23854882398521
         memtest-19516 [007] d.Z. 23853.086157: event_overflow_callback: overflow callback
         memtest-19516 [007] d.h. 23853.086159: memguard_process_overflow: overflow at 7
         memtest-19516 [007] d.h. 23853.086160: memguard_process_overflow: perf_event_count(cinfo->event)=5667
         memtest-19516 [007] d.h1 23853.086160: __start_throttle: throttle at 23854883400150
         memtest-19516 [007] d.Z. 23853.087154: event_overflow_callback: overflow callback
         memtest-19516 [007] d.h. 23853.087156: memguard_process_overflow: overflow at 7
         memtest-19516 [007] d.h. 23853.087156: memguard_process_overflow: perf_event_count(cinfo->event)=7796
         memtest-19516 [007] d.h1 23853.087157: __start_throttle: throttle at 23854884396518
         memtest-19516 [007] d.Z. 23853.088165: event_overflow_callback: overflow callback
         memtest-19516 [007] d.h. 23853.088167: memguard_process_overflow: overflow at 7
         memtest-19516 [007] d.h. 23853.088167: memguard_process_overflow: perf_event_count(cinfo->event)=9925
         memtest-19516 [007] d.h1 23853.088167: __start_throttle: throttle at 23854885407482
         memtest-19516 [007] d.Z. 23853.089171: event_overflow_callback: overflow callback
         memtest-19516 [007] d.h. 23853.089173: memguard_process_overflow: overflow at 7
         memtest-19516 [007] d.h. 23853.089174: memguard_process_overflow: perf_event_count(cinfo->event)=12054
         memtest-19516 [007] d.h1 23853.089174: __start_throttle: throttle at 23854886414301
         memtest-19516 [007] d.Z. 23853.090178: event_overflow_callback: overflow callback
         memtest-19516 [007] d.h. 23853.090180: memguard_process_overflow: overflow at 7
         memtest-19516 [007] d.h. 23853.090180: memguard_process_overflow: perf_event_count(cinfo->event)=14184
         memtest-19516 [007] d.h1 23853.090180: __start_throttle: throttle at 23854887420358
         memtest-19516 [007] d.Z. 23853.091185: event_overflow_callback: overflow callback
         memtest-19516 [007] d.h. 23853.091187: memguard_process_overflow: overflow at 7
         memtest-19516 [007] d.h. 23853.091188: memguard_process_overflow: perf_event_count(cinfo->event)=16314
         memtest-19516 [007] d.h1 23853.091188: __start_throttle: throttle at 23854888428654
         memtest-19516 [007] d.Z. 23853.092192: event_overflow_callback: overflow callback
         memtest-19516 [007] d.h. 23853.092194: memguard_process_overflow: overflow at 7
         memtest-19516 [007] d.h. 23853.092194: memguard_process_overflow: perf_event_count(cinfo->event)=18443
         memtest-19516 [007] d.h1 23853.092195: __start_throttle: throttle at 23854889435247
         memtest-19516 [007] d.Z. 23853.093194: event_overflow_callback: overflow callback
         memtest-19516 [007] d.h. 23853.093196: memguard_process_overflow: overflow at 7
         memtest-19516 [007] d.h. 23853.093196: memguard_process_overflow: perf_event_count(cinfo->event)=20573
         memtest-19516 [007] d.h1 23853.093197: __start_throttle: throttle at 23854890437060
          <idle>-0     [005] d.h2 23853.093973: period_timer_callback_slave: cinfo->limit==3276,cinfo->budget==3276         memtest-19516 [007] d.Z. 23853.094199: event_overflow_callback: overflow callback
         memtest-19516 [007] d.h. 23853.094201: memguard_process_overflow: overflow at 7
         memtest-19516 [007] d.h. 23853.094202: memguard_process_overflow: perf_event_count(cinfo->event)=22703
         memtest-19516 [007] d.h1 23853.094202: __start_throttle: throttle at 23854891442753
         memtest-19516 [007] d.Z. 23853.095201: event_overflow_callback: overflow callback
         memtest-19516 [007] d.h. 23853.095203: memguard_process_overflow: overflow at 7
         memtest-19516 [007] d.h. 23853.095204: memguard_process_overflow: perf_event_count(cinfo->event)=24834
         memtest-19516 [007] d.h1 23853.095204: __start_throttle: throttle at 23854892444586
         memtest-19516 [007] d.Z. 23853.096215: event_overflow_callback: overflow callback
         memtest-19516 [007] d.h. 23853.096218: memguard_process_overflow: overflow at 7
         memtest-19516 [007] d.h. 23853.096218: memguard_process_overflow: perf_event_count(cinfo->event)=26965
         memtest-19516 [007] d.h1 23853.096218: __start_throttle: throttle at 23854893459136
         memtest-19516 [007] d.Z. 23853.097231: event_overflow_callback: overflow callback
         memtest-19516 [007] d.h. 23853.097233: memguard_process_overflow: overflow at 7
         memtest-19516 [007] d.h. 23853.097233: memguard_process_overflow: perf_event_count(cinfo->event)=29094
         memtest-19516 [007] d.h1 23853.097233: __start_throttle: throttle at 23854894474184
         memtest-19516 [007] d.Z. 23853.098204: event_overflow_callback: overflow callback
         memtest-19516 [007] d.h. 23853.098207: memguard_process_overflow: overflow at 7
         memtest-19516 [007] d.h. 23853.098207: memguard_process_overflow: perf_event_count(cinfo->event)=31223
         memtest-19516 [007] d.h1 23853.098209: __start_throttle: throttle at 23854895449582
         memtest-19516 [007] d.Z. 23853.099207: event_overflow_callback: overflow callback
         memtest-19516 [007] d.h. 23853.099210: memguard_process_overflow: overflow at 7
         memtest-19516 [007] d.h. 23853.099210: memguard_process_overflow: perf_event_count(cinfo->event)=33355
         memtest-19516 [007] d.h1 23853.099211: __start_throttle: throttle at 23854896452487
         memtest-19516 [007] d.Z. 23853.100197: event_overflow_callback: overflow callback
         memtest-19516 [007] d.h. 23853.100200: memguard_process_overflow: overflow at 7
         memtest-19516 [007] d.h. 23853.100200: memguard_process_overflow: perf_event_count(cinfo->event)=35484
         memtest-19516 [007] d.h1 23853.100201: __start_throttle: throttle at 23854897442284
         memtest-19516 [007] d.Z. 23853.101207: event_overflow_callback: overflow callback
         memtest-19516 [007] d.h. 23853.101209: memguard_process_overflow: overflow at 7
         memtest-19516 [007] d.h. 23853.101210: memguard_process_overflow: perf_event_count(cinfo->event)=37613
         memtest-19516 [007] d.h1 23853.101210: __start_throttle: throttle at 23854898451250
         memtest-19516 [007] d.Z. 23853.102204: event_overflow_callback: overflow callback
         memtest-19516 [007] d.h. 23853.102206: memguard_process_overflow: overflow at 7
         memtest-19516 [007] d.h. 23853.102207: memguard_process_overflow: perf_event_count(cinfo->event)=39744
         memtest-19516 [007] d.h1 23853.102207: __start_throttle: throttle at 23854899448245
         memtest-19516 [007] d.Z. 23853.103187: event_overflow_callback: overflow callback
         memtest-19516 [007] d.h. 23853.103190: memguard_process_overflow: overflow at 7
         memtest-19516 [007] d.h. 23853.103190: memguard_process_overflow: perf_event_count(cinfo->event)=41875
         memtest-19516 [007] d.h1 23853.103191: __start_throttle: throttle at 23854900432080
         memtest-19516 [007] d.Z. 23853.104176: event_overflow_callback: overflow callback
         memtest-19516 [007] d.h. 23853.104178: memguard_process_overflow: overflow at 7
         memtest-19516 [007] d.h. 23853.104179: memguard_process_overflow: perf_event_count(cinfo->event)=44005
         memtest-19516 [007] d.h1 23853.104180: __start_throttle: throttle at 23854901420652
         memtest-19516 [007] d.Z. 23853.105185: event_overflow_callback: overflow callback
         memtest-19516 [007] d.h. 23853.105188: memguard_process_overflow: overflow at 7
         memtest-19516 [007] d.h. 23853.105188: memguard_process_overflow: perf_event_count(cinfo->event)=46134
         memtest-19516 [007] d.h1 23853.105188: __start_throttle: throttle at 23854902429685
         memtest-19516 [007] d.Z. 23853.106186: event_overflow_callback: overflow callback
         memtest-19516 [007] d.h. 23853.106188: memguard_process_overflow: overflow at 7
         memtest-19516 [007] d.h. 23853.106189: memguard_process_overflow: perf_event_count(cinfo->event)=48264
         memtest-19516 [007] d.h1 23853.106189: __start_throttle: throttle at 23854903430788
         memtest-19516 [007] d.Z. 23853.107193: event_overflow_callback: overflow callback
         memtest-19516 [007] d.h. 23853.107195: memguard_process_overflow: overflow at 7
         memtest-19516 [007] d.h. 23853.107196: memguard_process_overflow: perf_event_count(cinfo->event)=50393
         memtest-19516 [007] d.h1 23853.107196: __start_throttle: throttle at 23854904437865
          <idle>-0     [002] d.h2 23853.107972: period_timer_callback_slave: cinfo->limit==1818,cinfo->budget==1818          <idle>-0     [006] d.h2 23853.107972: period_timer_callback_slave: cinfo->limit==2539,cinfo->budget==2539         memtest-19516 [007] d.Z. 23853.108201: event_overflow_callback: overflow callback
         memtest-19516 [007] d.h. 23853.108202: memguard_process_overflow: overflow at 7
         memtest-19516 [007] d.h. 23853.108203: memguard_process_overflow: perf_event_count(cinfo->event)=52524
         memtest-19516 [007] d.h1 23853.108203: __start_throttle: throttle at 23854905444973
         memtest-19516 [007] d.Z. 23853.109205: event_overflow_callback: overflow callback
         memtest-19516 [007] d.h. 23853.109207: memguard_process_overflow: overflow at 7
         memtest-19516 [007] d.h. 23853.109207: memguard_process_overflow: perf_event_count(cinfo->event)=54653
         memtest-19516 [007] d.h1 23853.109208: __start_throttle: throttle at 23854906449560
         memtest-19516 [007] d.Z. 23853.110210: event_overflow_callback: overflow callback
         memtest-19516 [007] d.h. 23853.110212: memguard_process_overflow: overflow at 7
         memtest-19516 [007] d.h. 23853.110212: memguard_process_overflow: perf_event_count(cinfo->event)=56783
         memtest-19516 [007] d.h1 23853.110213: __start_throttle: throttle at 23854907454678
         memtest-19516 [007] d.Z. 23853.111216: event_overflow_callback: overflow callback
         memtest-19516 [007] d.h. 23853.111218: memguard_process_overflow: overflow at 7
         memtest-19516 [007] d.h. 23853.111219: memguard_process_overflow: perf_event_count(cinfo->event)=58912
         memtest-19516 [007] d.h1 23853.111219: __start_throttle: throttle at 23854908461175
         memtest-19516 [007] d.Z. 23853.112220: event_overflow_callback: overflow callback
         memtest-19516 [007] d.h. 23853.112222: memguard_process_overflow: overflow at 7
         memtest-19516 [007] d.h. 23853.112223: memguard_process_overflow: perf_event_count(cinfo->event)=61042
         memtest-19516 [007] d.h1 23853.112223: __start_throttle: throttle at 23854909465432
         memtest-19516 [007] d.Z. 23853.113229: event_overflow_callback: overflow callback
         memtest-19516 [007] d.h. 23853.113231: memguard_process_overflow: overflow at 7
         memtest-19516 [007] d.h. 23853.113232: memguard_process_overflow: perf_event_count(cinfo->event)=63171
         memtest-19516 [007] d.h1 23853.113232: __start_throttle: throttle at 23854910474564
         memtest-19516 [007] d.Z. 23853.114230: event_overflow_callback: overflow callback
         memtest-19516 [007] d.h. 23853.114232: memguard_process_overflow: overflow at 7
         memtest-19516 [007] d.h. 23853.114232: memguard_process_overflow: perf_event_count(cinfo->event)=65300
         memtest-19516 [007] d.h1 23853.114232: __start_throttle: throttle at 23854911474573
         memtest-19516 [007] d.Z. 23853.115232: event_overflow_callback: overflow callback
         memtest-19516 [007] d.h. 23853.115234: memguard_process_overflow: overflow at 7
         memtest-19516 [007] d.h. 23853.115234: memguard_process_overflow: perf_event_count(cinfo->event)=67429
         memtest-19516 [007] d.h1 23853.115234: __start_throttle: throttle at 23854912476798
         memtest-19516 [007] d.Z. 23853.116232: event_overflow_callback: overflow callback
         memtest-19516 [007] d.h. 23853.116234: memguard_process_overflow: overflow at 7
         memtest-19516 [007] d.h. 23853.116234: memguard_process_overflow: perf_event_count(cinfo->event)=69558
         memtest-19516 [007] d.h1 23853.116235: __start_throttle: throttle at 23854913477437
         memtest-19516 [007] d.Z. 23853.117234: event_overflow_callback: overflow callback
         memtest-19516 [007] d.h. 23853.117236: memguard_process_overflow: overflow at 7
         memtest-19516 [007] d.h. 23853.117237: memguard_process_overflow: perf_event_count(cinfo->event)=71688
         memtest-19516 [007] d.h1 23853.117237: __start_throttle: throttle at 23854914479742
         memtest-19516 [007] d.Z. 23853.118184: event_overflow_callback: overflow callback
         memtest-19516 [007] d.h. 23853.118186: memguard_process_overflow: overflow at 7
         memtest-19516 [007] d.h. 23853.118187: memguard_process_overflow: perf_event_count(cinfo->event)=73817
         memtest-19516 [007] d.h1 23853.118187: __start_throttle: throttle at 23854915429982
         memtest-19516 [007] d.Z. 23853.119159: event_overflow_callback: overflow callback
         memtest-19516 [007] d.h. 23853.119161: memguard_process_overflow: overflow at 7
         memtest-19516 [007] d.h. 23853.119161: memguard_process_overflow: perf_event_count(cinfo->event)=75947
         memtest-19516 [007] d.h1 23853.119161: __start_throttle: throttle at 23854916404138
         memtest-19516 [007] d.Z. 23853.120156: event_overflow_callback: overflow callback
         memtest-19516 [007] d.h. 23853.120158: memguard_process_overflow: overflow at 7
         memtest-19516 [007] d.h. 23853.120159: memguard_process_overflow: perf_event_count(cinfo->event)=78076
         memtest-19516 [007] d.h1 23853.120159: __start_throttle: throttle at 23854917401937
         memtest-19516 [007] d.Z. 23853.121170: event_overflow_callback: overflow callback
         memtest-19516 [007] d.h. 23853.121172: memguard_process_overflow: overflow at 7
         memtest-19516 [007] d.h. 23853.121172: memguard_process_overflow: perf_event_count(cinfo->event)=80206
         memtest-19516 [007] d.h1 23853.121172: __start_throttle: throttle at 23854918415135
         memtest-19516 [007] d.Z. 23853.122172: event_overflow_callback: overflow callback
         memtest-19516 [007] d.h. 23853.122174: memguard_process_overflow: overflow at 7
         memtest-19516 [007] d.h. 23853.122174: memguard_process_overflow: perf_event_count(cinfo->event)=82336
         memtest-19516 [007] d.h1 23853.122174: __start_throttle: throttle at 23854919417437
         memtest-19516 [007] d.Z. 23853.123186: event_overflow_callback: overflow callback
         memtest-19516 [007] d.h. 23853.123188: memguard_process_overflow: overflow at 7
         memtest-19516 [007] d.h. 23853.123189: memguard_process_overflow: perf_event_count(cinfo->event)=84465
         memtest-19516 [007] d.h1 23853.123189: __start_throttle: throttle at 23854920432220
         memtest-19516 [007] d.Z. 23853.124185: event_overflow_callback: overflow callback
         memtest-19516 [007] d.h. 23853.124187: memguard_process_overflow: overflow at 7
         memtest-19516 [007] d.h. 23853.124187: memguard_process_overflow: perf_event_count(cinfo->event)=86595
         memtest-19516 [007] d.h1 23853.124188: __start_throttle: throttle at 23854921431325
         memtest-19516 [007] d.Z. 23853.125193: event_overflow_callback: overflow callback
         memtest-19516 [007] d.h. 23853.125195: memguard_process_overflow: overflow at 7
         memtest-19516 [007] d.h. 23853.125195: memguard_process_overflow: perf_event_count(cinfo->event)=88726
         memtest-19516 [007] d.h1 23853.125196: __start_throttle: throttle at 23854922439158
         memtest-19516 [007] d.Z. 23853.126205: event_overflow_callback: overflow callback
         memtest-19516 [007] d.h. 23853.126207: memguard_process_overflow: overflow at 7
         memtest-19516 [007] d.h. 23853.126207: memguard_process_overflow: perf_event_count(cinfo->event)=90855
         memtest-19516 [007] d.h1 23853.126207: __start_throttle: throttle at 23854923450706
         memtest-19516 [007] d.Z. 23853.127209: event_overflow_callback: overflow callback
         memtest-19516 [007] d.h. 23853.127211: memguard_process_overflow: overflow at 7
         memtest-19516 [007] d.h. 23853.127211: memguard_process_overflow: perf_event_count(cinfo->event)=92985
         memtest-19516 [007] d.h1 23853.127212: __start_throttle: throttle at 23854924455020
         memtest-19516 [007] d.Z. 23853.128218: event_overflow_callback: overflow callback
         memtest-19516 [007] d.h. 23853.128220: memguard_process_overflow: overflow at 7
         memtest-19516 [007] d.h. 23853.128221: memguard_process_overflow: perf_event_count(cinfo->event)=95114
         memtest-19516 [007] d.h1 23853.128221: __start_throttle: throttle at 23854925464479
         memtest-19516 [007] d.Z. 23853.129227: event_overflow_callback: overflow callback
         memtest-19516 [007] d.h. 23853.129229: memguard_process_overflow: overflow at 7
         memtest-19516 [007] d.h. 23853.129229: memguard_process_overflow: perf_event_count(cinfo->event)=97244
         memtest-19516 [007] d.h1 23853.129230: __start_throttle: throttle at 23854926473534
         memtest-19516 [007] d.Z. 23853.130230: event_overflow_callback: overflow callback
         memtest-19516 [007] d.h. 23853.130231: memguard_process_overflow: overflow at 7
         memtest-19516 [007] d.h. 23853.130232: memguard_process_overflow: perf_event_count(cinfo->event)=99375
         memtest-19516 [007] d.h1 23853.130232: __start_throttle: throttle at 23854927475915
         memtest-19516 [007] d.Z. 23853.131221: event_overflow_callback: overflow callback
         memtest-19516 [007] d.h. 23853.131223: memguard_process_overflow: overflow at 7
         memtest-19516 [007] d.h. 23853.131223: memguard_process_overflow: perf_event_count(cinfo->event)=101504
         memtest-19516 [007] d.h1 23853.131224: __start_throttle: throttle at 23854928467673
         memtest-19516 [007] d.Z. 23853.132230: event_overflow_callback: overflow callback
         memtest-19516 [007] d.h. 23853.132232: memguard_process_overflow: overflow at 7
         memtest-19516 [007] d.h. 23853.132232: memguard_process_overflow: perf_event_count(cinfo->event)=103633
         memtest-19516 [007] d.h1 23853.132233: __start_throttle: throttle at 23854929476652
         memtest-19516 [007] d.Z. 23853.133225: event_overflow_callback: overflow callback
         memtest-19516 [007] d.h. 23853.133227: memguard_process_overflow: overflow at 7
         memtest-19516 [007] d.h. 23853.133227: memguard_process_overflow: perf_event_count(cinfo->event)=105763
         memtest-19516 [007] d.h1 23853.133227: __start_throttle: throttle at 23854930471261
         memtest-19516 [007] d.Z. 23853.134235: event_overflow_callback: overflow callback
         memtest-19516 [007] d.h. 23853.134237: memguard_process_overflow: overflow at 7
         memtest-19516 [007] d.h. 23853.134237: memguard_process_overflow: perf_event_count(cinfo->event)=107892
         memtest-19516 [007] d.h1 23853.134238: __start_throttle: throttle at 23854931481615
         memtest-19516 [007] d.Z. 23853.135237: event_overflow_callback: overflow callback
         memtest-19516 [007] d.h. 23853.135239: memguard_process_overflow: overflow at 7
         memtest-19516 [007] d.h. 23853.135239: memguard_process_overflow: perf_event_count(cinfo->event)=110023
         memtest-19516 [007] d.h1 23853.135240: __start_throttle: throttle at 23854932483678
         memtest-19516 [007] d.Z. 23853.136253: event_overflow_callback: overflow callback
         memtest-19516 [007] d.h. 23853.136255: memguard_process_overflow: overflow at 7
         memtest-19516 [007] d.h. 23853.136255: memguard_process_overflow: perf_event_count(cinfo->event)=112153
         memtest-19516 [007] d.h1 23853.136255: __start_throttle: throttle at 23854933499689
         memtest-19516 [007] d.Z. 23853.137257: event_overflow_callback: overflow callback
         memtest-19516 [007] d.h. 23853.137259: memguard_process_overflow: overflow at 7
         memtest-19516 [007] d.h. 23853.137260: memguard_process_overflow: perf_event_count(cinfo->event)=114283
         memtest-19516 [007] d.h1 23853.137260: __start_throttle: throttle at 23854934504601
         memtest-19516 [007] d.Z. 23853.138261: event_overflow_callback: overflow callback
         memtest-19516 [007] d.h. 23853.138263: memguard_process_overflow: overflow at 7
         memtest-19516 [007] d.h. 23853.138263: memguard_process_overflow: perf_event_count(cinfo->event)=116413
         memtest-19516 [007] d.h1 23853.138263: __start_throttle: throttle at 23854935507719
          <idle>-0     [006] d.h2 23853.138969: period_timer_callback_slave: cinfo->limit==2539,cinfo->budget==2539         memtest-19516 [007] d.Z. 23853.139262: event_overflow_callback: overflow callback
         memtest-19516 [007] d.h. 23853.139264: memguard_process_overflow: overflow at 7
         memtest-19516 [007] d.h. 23853.139264: memguard_process_overflow: perf_event_count(cinfo->event)=118543
         memtest-19516 [007] d.h1 23853.139264: __start_throttle: throttle at 23854936508924
         memtest-19516 [007] d.Z. 23853.140263: event_overflow_callback: overflow callback
         memtest-19516 [007] d.h. 23853.140265: memguard_process_overflow: overflow at 7
         memtest-19516 [007] d.h. 23853.140265: memguard_process_overflow: perf_event_count(cinfo->event)=120672
         memtest-19516 [007] d.h1 23853.140266: __start_throttle: throttle at 23854937510102
          <idle>-0     [005] d.h2 23853.140969: period_timer_callback_slave: cinfo->limit==3276,cinfo->budget==3276         memtest-19516 [007] d.Z. 23853.141256: event_overflow_callback: overflow callback
         memtest-19516 [007] d.h. 23853.141258: memguard_process_overflow: overflow at 7
         memtest-19516 [007] d.h. 23853.141259: memguard_process_overflow: perf_event_count(cinfo->event)=122801
         memtest-19516 [007] d.h1 23853.141259: __start_throttle: throttle at 23854938503767
         memtest-19516 [007] d.Z. 23853.142266: event_overflow_callback: overflow callback
         memtest-19516 [007] d.h. 23853.142268: memguard_process_overflow: overflow at 7
         memtest-19516 [007] d.h. 23853.142269: memguard_process_overflow: perf_event_count(cinfo->event)=124930
         memtest-19516 [007] d.h1 23853.142269: __start_throttle: throttle at 23854939514007
